// Jest Snapshot v1, https://goo.gl/fbAQLP

exports[`renders 1`] = `
<button
  onClick={[Function]}
  style={
    Object {
      "position": "relative",
    }
  }
>
   Delete 
</button>
`;
